../../Drivers/STM32N6xx_HAL_Driver/Inc/stm32n6xx_ll_bus.h:1825:26:LL_AHB5_GRP1_IsEnabledClock	16	static
../Core/Src/stm32n6xx_hal_xspi.c:342:19:HAL_XSPI_Init	32	static
../Core/Src/stm32n6xx_hal_xspi.c:486:13:HAL_XSPI_MspInit	16	static
../Core/Src/stm32n6xx_hal_xspi.c:501:19:HAL_XSPI_DeInit	24	static
../Core/Src/stm32n6xx_hal_xspi.c:544:13:HAL_XSPI_MspDeInit	16	static
../Core/Src/stm32n6xx_hal_xspi.c:584:6:HAL_XSPI_IRQHandler	32	static
../Core/Src/stm32n6xx_hal_xspi.c:826:19:HAL_XSPI_Command	48	static
../Core/Src/stm32n6xx_hal_xspi.c:962:19:HAL_XSPI_Command_IT	32	static
../Core/Src/stm32n6xx_hal_xspi.c:1051:19:HAL_XSPI_HyperbusCfg	48	static
../Core/Src/stm32n6xx_hal_xspi.c:1102:19:HAL_XSPI_HyperbusCmd	40	static
../Core/Src/stm32n6xx_hal_xspi.c:1169:19:HAL_XSPI_Transmit	48	static
../Core/Src/stm32n6xx_hal_xspi.c:1241:19:HAL_XSPI_Receive	56	static
../Core/Src/stm32n6xx_hal_xspi.c:1331:19:HAL_XSPI_Transmit_IT	24	static
../Core/Src/stm32n6xx_hal_xspi.c:1380:19:HAL_XSPI_Receive_IT	32	static
../Core/Src/stm32n6xx_hal_xspi.c:1453:19:HAL_XSPI_Transmit_DMA	32	static
../Core/Src/stm32n6xx_hal_xspi.c:1636:19:HAL_XSPI_Receive_DMA	40	static
../Core/Src/stm32n6xx_hal_xspi.c:1837:19:HAL_XSPI_AutoPolling	48	static
../Core/Src/stm32n6xx_hal_xspi.c:1918:19:HAL_XSPI_AutoPolling_IT	40	static
../Core/Src/stm32n6xx_hal_xspi.c:1991:19:HAL_XSPI_MemoryMapped	32	static
../Core/Src/stm32n6xx_hal_xspi.c:2057:10:HAL_XSPI_IsMemoryMapped	16	static
../Core/Src/stm32n6xx_hal_xspi.c:2080:13:HAL_XSPI_ErrorCallback	16	static
../Core/Src/stm32n6xx_hal_xspi.c:2095:13:HAL_XSPI_AbortCpltCallback	16	static
../Core/Src/stm32n6xx_hal_xspi.c:2110:13:HAL_XSPI_FifoThresholdCallback	16	static
../Core/Src/stm32n6xx_hal_xspi.c:2125:13:HAL_XSPI_CmdCpltCallback	16	static
../Core/Src/stm32n6xx_hal_xspi.c:2140:13:HAL_XSPI_RxCpltCallback	16	static
../Core/Src/stm32n6xx_hal_xspi.c:2155:13:HAL_XSPI_TxCpltCallback	16	static
../Core/Src/stm32n6xx_hal_xspi.c:2170:13:HAL_XSPI_RxHalfCpltCallback	16	static
../Core/Src/stm32n6xx_hal_xspi.c:2185:13:HAL_XSPI_TxHalfCpltCallback	16	static
../Core/Src/stm32n6xx_hal_xspi.c:2200:13:HAL_XSPI_StatusMatchCallback	16	static
../Core/Src/stm32n6xx_hal_xspi.c:2215:13:HAL_XSPI_TimeOutCallback	16	static
../Core/Src/stm32n6xx_hal_xspi.c:2466:19:HAL_XSPI_Abort	32	static
../Core/Src/stm32n6xx_hal_xspi.c:2543:19:HAL_XSPI_Abort_IT	24	static
../Core/Src/stm32n6xx_hal_xspi.c:2637:19:HAL_XSPI_SetFifoThreshold	24	static
../Core/Src/stm32n6xx_hal_xspi.c:2666:10:HAL_XSPI_GetFifoThreshold	16	static
../Core/Src/stm32n6xx_hal_xspi.c:2676:19:HAL_XSPI_SetMemoryType	24	static
../Core/Src/stm32n6xx_hal_xspi.c:2705:19:HAL_XSPI_SetDeviceSize	24	static
../Core/Src/stm32n6xx_hal_xspi.c:2735:19:HAL_XSPI_SetClockPrescaler	24	static
../Core/Src/stm32n6xx_hal_xspi.c:2764:19:HAL_XSPI_SetTimeout	16	static
../Core/Src/stm32n6xx_hal_xspi.c:2775:10:HAL_XSPI_GetError	16	static
../Core/Src/stm32n6xx_hal_xspi.c:2785:10:HAL_XSPI_GetState	16	static
../Core/Src/stm32n6xx_hal_xspi.c:2817:19:HAL_XSPIM_Config	88	static
../Core/Src/stm32n6xx_hal_xspi.c:3044:19:HAL_XSPI_GetDelayValue	24	static
../Core/Src/stm32n6xx_hal_xspi.c:3096:19:HAL_XSPI_SetDelayValue	24	static
../Core/Src/stm32n6xx_hal_xspi.c:3158:13:XSPI_DMACplt	24	static
../Core/Src/stm32n6xx_hal_xspi.c:3175:13:XSPI_DMAHalfCplt	24	static
../Core/Src/stm32n6xx_hal_xspi.c:3203:13:XSPI_DMAError	24	static
../Core/Src/stm32n6xx_hal_xspi.c:3234:13:XSPI_DMAAbortCplt	24	static
../Core/Src/stm32n6xx_hal_xspi.c:3290:26:XSPI_WaitFlagStateUntilTimeout	24	static
../Core/Src/stm32n6xx_hal_xspi.c:3317:26:XSPI_ConfigCmd	40	static
../Core/Src/stm32n6xx_hal_xspi.c:3525:13:XSPIM_GetConfig	24	static
